// Jest Snapshot v1, https://goo.gl/fbAQLP

exports[`snapshot test 1`] = `
<div>
  <input
    onChange={[Function]}
    placeholder="Enter name"
    style={
      Object {
        "border": "solid",
        "borderRadius": "10px",
        "height": "3vh",
        "left": "10vh",
        "marginBottom": "10vh",
        "marginTop": "5vh",
        "position": "relative",
        "width": "20vh",
      }
    }
    type="text"
  />
  <div>
    <ul>
      <li
        style={
          Object {
            "left": "10vh",
            "position": "relative",
          }
        }
      >
        <span
          style={
            Object {
              "paddingRight": "10px",
            }
          }
        >
          Misty Considine
        </span>
        <span
          style={
            Object {
              "paddingRight": "10px",
            }
          }
        >
          Milton73@hotmail.com
        </span>
        <span
          style={
            Object {
              "paddingRight": "10px",
            }
          }
        >
          Haiti
        </span>
      </li>
    </ul>
  </div>
  <div>
    <ul>
      <li
        style={
          Object {
            "left": "10vh",
            "position": "relative",
          }
        }
      >
        <span
          style={
            Object {
              "paddingRight": "10px",
            }
          }
        >
          Lucas Kulas
        </span>
        <span
          style={
            Object {
              "paddingRight": "10px",
            }
          }
        >
          Davon_Lehner63@gmail.com
        </span>
        <span
          style={
            Object {
              "paddingRight": "10px",
            }
          }
        >
          Iceland
        </span>
      </li>
    </ul>
  </div>
  <div>
    <ul>
      <li
        style={
          Object {
            "left": "10vh",
            "position": "relative",
          }
        }
      >
        <span
          style={
            Object {
              "paddingRight": "10px",
            }
          }
        >
          Audrey Stroman
        </span>
        <span
          style={
            Object {
              "paddingRight": "10px",
            }
          }
        >
          Ahmad_Reynolds@hotmail.com
        </span>
        <span
          style={
            Object {
              "paddingRight": "10px",
            }
          }
        >
          Anguilla
        </span>
      </li>
    </ul>
  </div>
  <div>
    <ul>
      <li
        style={
          Object {
            "left": "10vh",
            "position": "relative",
          }
        }
      >
        <span
          style={
            Object {
              "paddingRight": "10px",
            }
          }
        >
          Gene Nienow
        </span>
        <span
          style={
            Object {
              "paddingRight": "10px",
            }
          }
        >
          Napoleon.Tremblay@yahoo.com
        </span>
        <span
          style={
            Object {
              "paddingRight": "10px",
            }
          }
        >
          Algeria
        </span>
      </li>
    </ul>
  </div>
  <div>
    <ul>
      <li
        style={
          Object {
            "left": "10vh",
            "position": "relative",
          }
        }
      >
        <span
          style={
            Object {
              "paddingRight": "10px",
            }
          }
        >
          Yolanda Wilkinson IV
        </span>
        <span
          style={
            Object {
              "paddingRight": "10px",
            }
          }
        >
          Gabe_Boyle82@hotmail.com
        </span>
        <span
          style={
            Object {
              "paddingRight": "10px",
            }
          }
        >
          South Georgia and the South Sandwich Islands
        </span>
      </li>
    </ul>
  </div>
  <div>
    <ul>
      <li
        style={
          Object {
            "left": "10vh",
            "position": "relative",
          }
        }
      >
        <span
          style={
            Object {
              "paddingRight": "10px",
            }
          }
        >
          Olive Armstrong
        </span>
        <span
          style={
            Object {
              "paddingRight": "10px",
            }
          }
        >
          Norval.Jenkins42@yahoo.com
        </span>
        <span
          style={
            Object {
              "paddingRight": "10px",
            }
          }
        >
          Singapore
        </span>
      </li>
    </ul>
  </div>
  <div>
    <ul>
      <li
        style={
          Object {
            "left": "10vh",
            "position": "relative",
          }
        }
      >
        <span
          style={
            Object {
              "paddingRight": "10px",
            }
          }
        >
          Seth Johns
        </span>
        <span
          style={
            Object {
              "paddingRight": "10px",
            }
          }
        >
          Ariel_Bogan@yahoo.com
        </span>
        <span
          style={
            Object {
              "paddingRight": "10px",
            }
          }
        >
          Papua New Guinea
        </span>
      </li>
    </ul>
  </div>
  <div>
    <ul>
      <li
        style={
          Object {
            "left": "10vh",
            "position": "relative",
          }
        }
      >
        <span
          style={
            Object {
              "paddingRight": "10px",
            }
          }
        >
          Norma Hilll
        </span>
        <span
          style={
            Object {
              "paddingRight": "10px",
            }
          }
        >
          Lauriane77@yahoo.com
        </span>
        <span
          style={
            Object {
              "paddingRight": "10px",
            }
          }
        >
          Bouvet Island (Bouvetoya)
        </span>
      </li>
    </ul>
  </div>
  <div>
    <ul>
      <li
        style={
          Object {
            "left": "10vh",
            "position": "relative",
          }
        }
      >
        <span
          style={
            Object {
              "paddingRight": "10px",
            }
          }
        >
          Erik Hettinger
        </span>
        <span
          style={
            Object {
              "paddingRight": "10px",
            }
          }
        >
          Wyman.Moore51@hotmail.com
        </span>
        <span
          style={
            Object {
              "paddingRight": "10px",
            }
          }
        >
          Benin
        </span>
      </li>
    </ul>
  </div>
  <div>
    <ul>
      <li
        style={
          Object {
            "left": "10vh",
            "position": "relative",
          }
        }
      >
        <span
          style={
            Object {
              "paddingRight": "10px",
            }
          }
        >
          Olga Feest Sr.
        </span>
        <span
          style={
            Object {
              "paddingRight": "10px",
            }
          }
        >
          Richard.Wunsch36@gmail.com
        </span>
        <span
          style={
            Object {
              "paddingRight": "10px",
            }
          }
        >
          Maldives
        </span>
      </li>
    </ul>
  </div>
  <div>
    <ul>
      <li
        style={
          Object {
            "left": "10vh",
            "position": "relative",
          }
        }
      >
        <span
          style={
            Object {
              "paddingRight": "10px",
            }
          }
        >
          Eugene Mraz
        </span>
        <span
          style={
            Object {
              "paddingRight": "10px",
            }
          }
        >
          Nolan_Wehner@hotmail.com
        </span>
        <span
          style={
            Object {
              "paddingRight": "10px",
            }
          }
        >
          Trinidad and Tobago
        </span>
      </li>
    </ul>
  </div>
  <div>
    <ul>
      <li
        style={
          Object {
            "left": "10vh",
            "position": "relative",
          }
        }
      >
        <span
          style={
            Object {
              "paddingRight": "10px",
            }
          }
        >
          Sherman Mills
        </span>
        <span
          style={
            Object {
              "paddingRight": "10px",
            }
          }
        >
          Tillman67@gmail.com
        </span>
        <span
          style={
            Object {
              "paddingRight": "10px",
            }
          }
        >
          Somalia
        </span>
      </li>
    </ul>
  </div>
  <div>
    <ul>
      <li
        style={
          Object {
            "left": "10vh",
            "position": "relative",
          }
        }
      >
        <span
          style={
            Object {
              "paddingRight": "10px",
            }
          }
        >
          Raymond Balistreri
        </span>
        <span
          style={
            Object {
              "paddingRight": "10px",
            }
          }
        >
          Francesca.Christiansen55@gmail.com
        </span>
        <span
          style={
            Object {
              "paddingRight": "10px",
            }
          }
        >
          Nigeria
        </span>
      </li>
    </ul>
  </div>
  <div>
    <ul>
      <li
        style={
          Object {
            "left": "10vh",
            "position": "relative",
          }
        }
      >
        <span
          style={
            Object {
              "paddingRight": "10px",
            }
          }
        >
          Garry Wolff
        </span>
        <span
          style={
            Object {
              "paddingRight": "10px",
            }
          }
        >
          Sydney37@yahoo.com
        </span>
        <span
          style={
            Object {
              "paddingRight": "10px",
            }
          }
        >
          Saint Helena
        </span>
      </li>
    </ul>
  </div>
  <div>
    <ul>
      <li
        style={
          Object {
            "left": "10vh",
            "position": "relative",
          }
        }
      >
        <span
          style={
            Object {
              "paddingRight": "10px",
            }
          }
        >
          Joe Greenfelder
        </span>
        <span
          style={
            Object {
              "paddingRight": "10px",
            }
          }
        >
          Jovanny.Gerhold26@hotmail.com
        </span>
        <span
          style={
            Object {
              "paddingRight": "10px",
            }
          }
        >
          Jamaica
        </span>
      </li>
    </ul>
  </div>
  <div>
    <ul>
      <li
        style={
          Object {
            "left": "10vh",
            "position": "relative",
          }
        }
      >
        <span
          style={
            Object {
              "paddingRight": "10px",
            }
          }
        >
          Ellis Veum
        </span>
        <span
          style={
            Object {
              "paddingRight": "10px",
            }
          }
        >
          Nyasia94@gmail.com
        </span>
        <span
          style={
            Object {
              "paddingRight": "10px",
            }
          }
        >
          Bulgaria
        </span>
      </li>
    </ul>
  </div>
  <div>
    <ul>
      <li
        style={
          Object {
            "left": "10vh",
            "position": "relative",
          }
        }
      >
        <span
          style={
            Object {
              "paddingRight": "10px",
            }
          }
        >
          Sonia Bauch
        </span>
        <span
          style={
            Object {
              "paddingRight": "10px",
            }
          }
        >
          Darrell.Parisian@gmail.com
        </span>
        <span
          style={
            Object {
              "paddingRight": "10px",
            }
          }
        >
          Congo
        </span>
      </li>
    </ul>
  </div>
  <div>
    <ul>
      <li
        style={
          Object {
            "left": "10vh",
            "position": "relative",
          }
        }
      >
        <span
          style={
            Object {
              "paddingRight": "10px",
            }
          }
        >
          Andrew Monahan
        </span>
        <span
          style={
            Object {
              "paddingRight": "10px",
            }
          }
        >
          Vallie.Berge@yahoo.com
        </span>
        <span
          style={
            Object {
              "paddingRight": "10px",
            }
          }
        >
          Kazakhstan
        </span>
      </li>
    </ul>
  </div>
  <div>
    <ul>
      <li
        style={
          Object {
            "left": "10vh",
            "position": "relative",
          }
        }
      >
        <span
          style={
            Object {
              "paddingRight": "10px",
            }
          }
        >
          Amber Ziemann
        </span>
        <span
          style={
            Object {
              "paddingRight": "10px",
            }
          }
        >
          Kristoffer_Kovacek79@hotmail.com
        </span>
        <span
          style={
            Object {
              "paddingRight": "10px",
            }
          }
        >
          Christmas Island
        </span>
      </li>
    </ul>
  </div>
  <div>
    <ul>
      <li
        style={
          Object {
            "left": "10vh",
            "position": "relative",
          }
        }
      >
        <span
          style={
            Object {
              "paddingRight": "10px",
            }
          }
        >
          Sadie Kunze DDS
        </span>
        <span
          style={
            Object {
              "paddingRight": "10px",
            }
          }
        >
          Lilly_Gaylord15@hotmail.com
        </span>
        <span
          style={
            Object {
              "paddingRight": "10px",
            }
          }
        >
          Andorra
        </span>
      </li>
    </ul>
  </div>
  <div>
    <ul>
      <li
        style={
          Object {
            "left": "10vh",
            "position": "relative",
          }
        }
      >
        <span
          style={
            Object {
              "paddingRight": "10px",
            }
          }
        >
          Timothy Gleason
        </span>
        <span
          style={
            Object {
              "paddingRight": "10px",
            }
          }
        >
          Alva_Jones@yahoo.com
        </span>
        <span
          style={
            Object {
              "paddingRight": "10px",
            }
          }
        >
          Western Sahara
        </span>
      </li>
    </ul>
  </div>
  <div>
    <ul>
      <li
        style={
          Object {
            "left": "10vh",
            "position": "relative",
          }
        }
      >
        <span
          style={
            Object {
              "paddingRight": "10px",
            }
          }
        >
          Willard Fisher III
        </span>
        <span
          style={
            Object {
              "paddingRight": "10px",
            }
          }
        >
          Joseph.Littel80@gmail.com
        </span>
        <span
          style={
            Object {
              "paddingRight": "10px",
            }
          }
        >
          Monaco
        </span>
      </li>
    </ul>
  </div>
  <div>
    <ul>
      <li
        style={
          Object {
            "left": "10vh",
            "position": "relative",
          }
        }
      >
        <span
          style={
            Object {
              "paddingRight": "10px",
            }
          }
        >
          Terry Satterfield
        </span>
        <span
          style={
            Object {
              "paddingRight": "10px",
            }
          }
        >
          Saul.Parker85@yahoo.com
        </span>
        <span
          style={
            Object {
              "paddingRight": "10px",
            }
          }
        >
          Venezuela
        </span>
      </li>
    </ul>
  </div>
  <div>
    <ul>
      <li
        style={
          Object {
            "left": "10vh",
            "position": "relative",
          }
        }
      >
        <span
          style={
            Object {
              "paddingRight": "10px",
            }
          }
        >
          Teresa Brakus
        </span>
        <span
          style={
            Object {
              "paddingRight": "10px",
            }
          }
        >
          Elissa30@yahoo.com
        </span>
        <span
          style={
            Object {
              "paddingRight": "10px",
            }
          }
        >
          Belize
        </span>
      </li>
    </ul>
  </div>
  <div>
    <ul>
      <li
        style={
          Object {
            "left": "10vh",
            "position": "relative",
          }
        }
      >
        <span
          style={
            Object {
              "paddingRight": "10px",
            }
          }
        >
          Jordan Waters
        </span>
        <span
          style={
            Object {
              "paddingRight": "10px",
            }
          }
        >
          Evan.Cummerata57@hotmail.com
        </span>
        <span
          style={
            Object {
              "paddingRight": "10px",
            }
          }
        >
          Angola
        </span>
      </li>
    </ul>
  </div>
  <div>
    <ul>
      <li
        style={
          Object {
            "left": "10vh",
            "position": "relative",
          }
        }
      >
        <span
          style={
            Object {
              "paddingRight": "10px",
            }
          }
        >
          Jessie Dickinson
        </span>
        <span
          style={
            Object {
              "paddingRight": "10px",
            }
          }
        >
          Jovani.Durgan@yahoo.com
        </span>
        <span
          style={
            Object {
              "paddingRight": "10px",
            }
          }
        >
          Saint Lucia
        </span>
      </li>
    </ul>
  </div>
  <div>
    <ul>
      <li
        style={
          Object {
            "left": "10vh",
            "position": "relative",
          }
        }
      >
        <span
          style={
            Object {
              "paddingRight": "10px",
            }
          }
        >
          Dolores Wintheiser
        </span>
        <span
          style={
            Object {
              "paddingRight": "10px",
            }
          }
        >
          Richard_Paucek@hotmail.com
        </span>
        <span
          style={
            Object {
              "paddingRight": "10px",
            }
          }
        >
          San Marino
        </span>
      </li>
    </ul>
  </div>
  <div>
    <ul>
      <li
        style={
          Object {
            "left": "10vh",
            "position": "relative",
          }
        }
      >
        <span
          style={
            Object {
              "paddingRight": "10px",
            }
          }
        >
          Adam Russel
        </span>
        <span
          style={
            Object {
              "paddingRight": "10px",
            }
          }
        >
          Rodrick.Strosin94@hotmail.com
        </span>
        <span
          style={
            Object {
              "paddingRight": "10px",
            }
          }
        >
          Brunei Darussalam
        </span>
      </li>
    </ul>
  </div>
  <div>
    <ul>
      <li
        style={
          Object {
            "left": "10vh",
            "position": "relative",
          }
        }
      >
        <span
          style={
            Object {
              "paddingRight": "10px",
            }
          }
        >
          Rochelle Hermiston
        </span>
        <span
          style={
            Object {
              "paddingRight": "10px",
            }
          }
        >
          Pat.Tromp44@yahoo.com
        </span>
        <span
          style={
            Object {
              "paddingRight": "10px",
            }
          }
        >
          Bouvet Island (Bouvetoya)
        </span>
      </li>
    </ul>
  </div>
  <div>
    <ul>
      <li
        style={
          Object {
            "left": "10vh",
            "position": "relative",
          }
        }
      >
        <span
          style={
            Object {
              "paddingRight": "10px",
            }
          }
        >
          Miss Kimberly McDermott
        </span>
        <span
          style={
            Object {
              "paddingRight": "10px",
            }
          }
        >
          Braxton_Pfannerstill82@gmail.com
        </span>
        <span
          style={
            Object {
              "paddingRight": "10px",
            }
          }
        >
          Jersey
        </span>
      </li>
    </ul>
  </div>
  <div>
    <ul>
      <li
        style={
          Object {
            "left": "10vh",
            "position": "relative",
          }
        }
      >
        <span
          style={
            Object {
              "paddingRight": "10px",
            }
          }
        >
          Delbert Kihn
        </span>
        <span
          style={
            Object {
              "paddingRight": "10px",
            }
          }
        >
          Olen_Rodriguez87@hotmail.com
        </span>
        <span
          style={
            Object {
              "paddingRight": "10px",
            }
          }
        >
          Peru
        </span>
      </li>
    </ul>
  </div>
  <div>
    <ul>
      <li
        style={
          Object {
            "left": "10vh",
            "position": "relative",
          }
        }
      >
        <span
          style={
            Object {
              "paddingRight": "10px",
            }
          }
        >
          Patsy Turcotte Sr.
        </span>
        <span
          style={
            Object {
              "paddingRight": "10px",
            }
          }
        >
          Maximilian.Kuhic@gmail.com
        </span>
        <span
          style={
            Object {
              "paddingRight": "10px",
            }
          }
        >
          Malawi
        </span>
      </li>
    </ul>
  </div>
  <div>
    <ul>
      <li
        style={
          Object {
            "left": "10vh",
            "position": "relative",
          }
        }
      >
        <span
          style={
            Object {
              "paddingRight": "10px",
            }
          }
        >
          Dorothy Ryan
        </span>
        <span
          style={
            Object {
              "paddingRight": "10px",
            }
          }
        >
          Lula6@gmail.com
        </span>
        <span
          style={
            Object {
              "paddingRight": "10px",
            }
          }
        >
          Russian Federation
        </span>
      </li>
    </ul>
  </div>
  <div>
    <ul>
      <li
        style={
          Object {
            "left": "10vh",
            "position": "relative",
          }
        }
      >
        <span
          style={
            Object {
              "paddingRight": "10px",
            }
          }
        >
          Horace Mertz
        </span>
        <span
          style={
            Object {
              "paddingRight": "10px",
            }
          }
        >
          Alberta_Rice41@hotmail.com
        </span>
        <span
          style={
            Object {
              "paddingRight": "10px",
            }
          }
        >
          Zambia
        </span>
      </li>
    </ul>
  </div>
  <div>
    <ul>
      <li
        style={
          Object {
            "left": "10vh",
            "position": "relative",
          }
        }
      >
        <span
          style={
            Object {
              "paddingRight": "10px",
            }
          }
        >
          Ms. Stephanie Schiller
        </span>
        <span
          style={
            Object {
              "paddingRight": "10px",
            }
          }
        >
          Reta_Hills6@yahoo.com
        </span>
        <span
          style={
            Object {
              "paddingRight": "10px",
            }
          }
        >
          Northern Mariana Islands
        </span>
      </li>
    </ul>
  </div>
  <div>
    <ul>
      <li
        style={
          Object {
            "left": "10vh",
            "position": "relative",
          }
        }
      >
        <span
          style={
            Object {
              "paddingRight": "10px",
            }
          }
        >
          Christian Predovic
        </span>
        <span
          style={
            Object {
              "paddingRight": "10px",
            }
          }
        >
          Dolly.Kilback@yahoo.com
        </span>
        <span
          style={
            Object {
              "paddingRight": "10px",
            }
          }
        >
          Fiji
        </span>
      </li>
    </ul>
  </div>
  <div>
    <ul>
      <li
        style={
          Object {
            "left": "10vh",
            "position": "relative",
          }
        }
      >
        <span
          style={
            Object {
              "paddingRight": "10px",
            }
          }
        >
          Maurice Bogan II
        </span>
        <span
          style={
            Object {
              "paddingRight": "10px",
            }
          }
        >
          Davion31@gmail.com
        </span>
        <span
          style={
            Object {
              "paddingRight": "10px",
            }
          }
        >
          Bosnia and Herzegovina
        </span>
      </li>
    </ul>
  </div>
  <div>
    <ul>
      <li
        style={
          Object {
            "left": "10vh",
            "position": "relative",
          }
        }
      >
        <span
          style={
            Object {
              "paddingRight": "10px",
            }
          }
        >
          Sergio Feest MD
        </span>
        <span
          style={
            Object {
              "paddingRight": "10px",
            }
          }
        >
          Lily_Toy@yahoo.com
        </span>
        <span
          style={
            Object {
              "paddingRight": "10px",
            }
          }
        >
          Panama
        </span>
      </li>
    </ul>
  </div>
  <div>
    <ul>
      <li
        style={
          Object {
            "left": "10vh",
            "position": "relative",
          }
        }
      >
        <span
          style={
            Object {
              "paddingRight": "10px",
            }
          }
        >
          Harvey Champlin
        </span>
        <span
          style={
            Object {
              "paddingRight": "10px",
            }
          }
        >
          Hadley.DAmore63@yahoo.com
        </span>
        <span
          style={
            Object {
              "paddingRight": "10px",
            }
          }
        >
          Norfolk Island
        </span>
      </li>
    </ul>
  </div>
  <div>
    <ul>
      <li
        style={
          Object {
            "left": "10vh",
            "position": "relative",
          }
        }
      >
        <span
          style={
            Object {
              "paddingRight": "10px",
            }
          }
        >
          Malcolm Howe
        </span>
        <span
          style={
            Object {
              "paddingRight": "10px",
            }
          }
        >
          Effie65@hotmail.com
        </span>
        <span
          style={
            Object {
              "paddingRight": "10px",
            }
          }
        >
          Gambia
        </span>
      </li>
    </ul>
  </div>
  <div>
    <ul>
      <li
        style={
          Object {
            "left": "10vh",
            "position": "relative",
          }
        }
      >
        <span
          style={
            Object {
              "paddingRight": "10px",
            }
          }
        >
          Marcos Moore Sr.
        </span>
        <span
          style={
            Object {
              "paddingRight": "10px",
            }
          }
        >
          Spencer7@hotmail.com
        </span>
        <span
          style={
            Object {
              "paddingRight": "10px",
            }
          }
        >
          Palau
        </span>
      </li>
    </ul>
  </div>
  <div>
    <ul>
      <li
        style={
          Object {
            "left": "10vh",
            "position": "relative",
          }
        }
      >
        <span
          style={
            Object {
              "paddingRight": "10px",
            }
          }
        >
          Bernard Gaylord MD
        </span>
        <span
          style={
            Object {
              "paddingRight": "10px",
            }
          }
        >
          Ofelia.Cronin@hotmail.com
        </span>
        <span
          style={
            Object {
              "paddingRight": "10px",
            }
          }
        >
          Greece
        </span>
      </li>
    </ul>
  </div>
  <div>
    <ul>
      <li
        style={
          Object {
            "left": "10vh",
            "position": "relative",
          }
        }
      >
        <span
          style={
            Object {
              "paddingRight": "10px",
            }
          }
        >
          Paul Bednar DDS
        </span>
        <span
          style={
            Object {
              "paddingRight": "10px",
            }
          }
        >
          Earnest.Leannon@hotmail.com
        </span>
        <span
          style={
            Object {
              "paddingRight": "10px",
            }
          }
        >
          Chad
        </span>
      </li>
    </ul>
  </div>
  <div>
    <ul>
      <li
        style={
          Object {
            "left": "10vh",
            "position": "relative",
          }
        }
      >
        <span
          style={
            Object {
              "paddingRight": "10px",
            }
          }
        >
          Wendy Cremin
        </span>
        <span
          style={
            Object {
              "paddingRight": "10px",
            }
          }
        >
          Ibrahim_Simonis90@gmail.com
        </span>
        <span
          style={
            Object {
              "paddingRight": "10px",
            }
          }
        >
          Papua New Guinea
        </span>
      </li>
    </ul>
  </div>
  <div>
    <ul>
      <li
        style={
          Object {
            "left": "10vh",
            "position": "relative",
          }
        }
      >
        <span
          style={
            Object {
              "paddingRight": "10px",
            }
          }
        >
          Candace Dickinson
        </span>
        <span
          style={
            Object {
              "paddingRight": "10px",
            }
          }
        >
          Alexandrine19@hotmail.com
        </span>
        <span
          style={
            Object {
              "paddingRight": "10px",
            }
          }
        >
          Senegal
        </span>
      </li>
    </ul>
  </div>
  <div>
    <ul>
      <li
        style={
          Object {
            "left": "10vh",
            "position": "relative",
          }
        }
      >
        <span
          style={
            Object {
              "paddingRight": "10px",
            }
          }
        >
          Sarah Muller Sr.
        </span>
        <span
          style={
            Object {
              "paddingRight": "10px",
            }
          }
        >
          Corine_Howell@hotmail.com
        </span>
        <span
          style={
            Object {
              "paddingRight": "10px",
            }
          }
        >
          Virgin Islands, U.S.
        </span>
      </li>
    </ul>
  </div>
  <div>
    <ul>
      <li
        style={
          Object {
            "left": "10vh",
            "position": "relative",
          }
        }
      >
        <span
          style={
            Object {
              "paddingRight": "10px",
            }
          }
        >
          Glenn Kirlin
        </span>
        <span
          style={
            Object {
              "paddingRight": "10px",
            }
          }
        >
          Meda44@yahoo.com
        </span>
        <span
          style={
            Object {
              "paddingRight": "10px",
            }
          }
        >
          Guinea-Bissau
        </span>
      </li>
    </ul>
  </div>
  <div>
    <ul>
      <li
        style={
          Object {
            "left": "10vh",
            "position": "relative",
          }
        }
      >
        <span
          style={
            Object {
              "paddingRight": "10px",
            }
          }
        >
          Tracey Maggio
        </span>
        <span
          style={
            Object {
              "paddingRight": "10px",
            }
          }
        >
          Winona_Hahn@yahoo.com
        </span>
        <span
          style={
            Object {
              "paddingRight": "10px",
            }
          }
        >
          Dominican Republic
        </span>
      </li>
    </ul>
  </div>
  <div>
    <ul>
      <li
        style={
          Object {
            "left": "10vh",
            "position": "relative",
          }
        }
      >
        <span
          style={
            Object {
              "paddingRight": "10px",
            }
          }
        >
          Debra Langworth
        </span>
        <span
          style={
            Object {
              "paddingRight": "10px",
            }
          }
        >
          Demetris_Goyette42@hotmail.com
        </span>
        <span
          style={
            Object {
              "paddingRight": "10px",
            }
          }
        >
          Malaysia
        </span>
      </li>
    </ul>
  </div>
  <div>
    <ul>
      <li
        style={
          Object {
            "left": "10vh",
            "position": "relative",
          }
        }
      >
        <span
          style={
            Object {
              "paddingRight": "10px",
            }
          }
        >
          Damon Walker
        </span>
        <span
          style={
            Object {
              "paddingRight": "10px",
            }
          }
        >
          Arnaldo.Feest18@gmail.com
        </span>
        <span
          style={
            Object {
              "paddingRight": "10px",
            }
          }
        >
          China
        </span>
      </li>
    </ul>
  </div>
  <div>
    <ul>
      <li
        style={
          Object {
            "left": "10vh",
            "position": "relative",
          }
        }
      >
        <span
          style={
            Object {
              "paddingRight": "10px",
            }
          }
        >
          Loren Waelchi
        </span>
        <span
          style={
            Object {
              "paddingRight": "10px",
            }
          }
        >
          Yessenia_Watsica@hotmail.com
        </span>
        <span
          style={
            Object {
              "paddingRight": "10px",
            }
          }
        >
          Ukraine
        </span>
      </li>
    </ul>
  </div>
  <div>
    <ul>
      <li
        style={
          Object {
            "left": "10vh",
            "position": "relative",
          }
        }
      >
        <span
          style={
            Object {
              "paddingRight": "10px",
            }
          }
        >
          Isabel Aufderhar
        </span>
        <span
          style={
            Object {
              "paddingRight": "10px",
            }
          }
        >
          Ezekiel.Littel@yahoo.com
        </span>
        <span
          style={
            Object {
              "paddingRight": "10px",
            }
          }
        >
          Cook Islands
        </span>
      </li>
    </ul>
  </div>
  <div>
    <ul>
      <li
        style={
          Object {
            "left": "10vh",
            "position": "relative",
          }
        }
      >
        <span
          style={
            Object {
              "paddingRight": "10px",
            }
          }
        >
          Herbert Hessel
        </span>
        <span
          style={
            Object {
              "paddingRight": "10px",
            }
          }
        >
          Trisha.Olson@hotmail.com
        </span>
        <span
          style={
            Object {
              "paddingRight": "10px",
            }
          }
        >
          Bolivia
        </span>
      </li>
    </ul>
  </div>
  <div>
    <ul>
      <li
        style={
          Object {
            "left": "10vh",
            "position": "relative",
          }
        }
      >
        <span
          style={
            Object {
              "paddingRight": "10px",
            }
          }
        >
          Grant Bartell PhD
        </span>
        <span
          style={
            Object {
              "paddingRight": "10px",
            }
          }
        >
          Ozella.Klein94@yahoo.com
        </span>
        <span
          style={
            Object {
              "paddingRight": "10px",
            }
          }
        >
          Moldova
        </span>
      </li>
    </ul>
  </div>
  <div>
    <ul>
      <li
        style={
          Object {
            "left": "10vh",
            "position": "relative",
          }
        }
      >
        <span
          style={
            Object {
              "paddingRight": "10px",
            }
          }
        >
          Albert Zboncak
        </span>
        <span
          style={
            Object {
              "paddingRight": "10px",
            }
          }
        >
          Bonita91@hotmail.com
        </span>
        <span
          style={
            Object {
              "paddingRight": "10px",
            }
          }
        >
          Pitcairn Islands
        </span>
      </li>
    </ul>
  </div>
  <div>
    <ul>
      <li
        style={
          Object {
            "left": "10vh",
            "position": "relative",
          }
        }
      >
        <span
          style={
            Object {
              "paddingRight": "10px",
            }
          }
        >
          Roderick Bartell
        </span>
        <span
          style={
            Object {
              "paddingRight": "10px",
            }
          }
        >
          Shawna_Moore@yahoo.com
        </span>
        <span
          style={
            Object {
              "paddingRight": "10px",
            }
          }
        >
          Cape Verde
        </span>
      </li>
    </ul>
  </div>
  <div>
    <ul>
      <li
        style={
          Object {
            "left": "10vh",
            "position": "relative",
          }
        }
      >
        <span
          style={
            Object {
              "paddingRight": "10px",
            }
          }
        >
          Kent Macejkovic DDS
        </span>
        <span
          style={
            Object {
              "paddingRight": "10px",
            }
          }
        >
          Marjorie_Terry22@yahoo.com
        </span>
        <span
          style={
            Object {
              "paddingRight": "10px",
            }
          }
        >
          Kuwait
        </span>
      </li>
    </ul>
  </div>
  <div>
    <ul>
      <li
        style={
          Object {
            "left": "10vh",
            "position": "relative",
          }
        }
      >
        <span
          style={
            Object {
              "paddingRight": "10px",
            }
          }
        >
          Jaime Rath
        </span>
        <span
          style={
            Object {
              "paddingRight": "10px",
            }
          }
        >
          Adela4@gmail.com
        </span>
        <span
          style={
            Object {
              "paddingRight": "10px",
            }
          }
        >
          Ghana
        </span>
      </li>
    </ul>
  </div>
  <div>
    <ul>
      <li
        style={
          Object {
            "left": "10vh",
            "position": "relative",
          }
        }
      >
        <span
          style={
            Object {
              "paddingRight": "10px",
            }
          }
        >
          Megan Volkman
        </span>
        <span
          style={
            Object {
              "paddingRight": "10px",
            }
          }
        >
          Jarrell.VonRueden87@hotmail.com
        </span>
        <span
          style={
            Object {
              "paddingRight": "10px",
            }
          }
        >
          Vanuatu
        </span>
      </li>
    </ul>
  </div>
  <div>
    <ul>
      <li
        style={
          Object {
            "left": "10vh",
            "position": "relative",
          }
        }
      >
        <span
          style={
            Object {
              "paddingRight": "10px",
            }
          }
        >
          Carrie Boyer
        </span>
        <span
          style={
            Object {
              "paddingRight": "10px",
            }
          }
        >
          Hallie_King18@yahoo.com
        </span>
        <span
          style={
            Object {
              "paddingRight": "10px",
            }
          }
        >
          Belize
        </span>
      </li>
    </ul>
  </div>
  <div>
    <ul>
      <li
        style={
          Object {
            "left": "10vh",
            "position": "relative",
          }
        }
      >
        <span
          style={
            Object {
              "paddingRight": "10px",
            }
          }
        >
          Dr. Roderick Goodwin
        </span>
        <span
          style={
            Object {
              "paddingRight": "10px",
            }
          }
        >
          Madalyn_Morar57@hotmail.com
        </span>
        <span
          style={
            Object {
              "paddingRight": "10px",
            }
          }
        >
          Malaysia
        </span>
      </li>
    </ul>
  </div>
  <div>
    <ul>
      <li
        style={
          Object {
            "left": "10vh",
            "position": "relative",
          }
        }
      >
        <span
          style={
            Object {
              "paddingRight": "10px",
            }
          }
        >
          Shannon Dach MD
        </span>
        <span
          style={
            Object {
              "paddingRight": "10px",
            }
          }
        >
          Monty12@yahoo.com
        </span>
        <span
          style={
            Object {
              "paddingRight": "10px",
            }
          }
        >
          Marshall Islands
        </span>
      </li>
    </ul>
  </div>
  <div>
    <ul>
      <li
        style={
          Object {
            "left": "10vh",
            "position": "relative",
          }
        }
      >
        <span
          style={
            Object {
              "paddingRight": "10px",
            }
          }
        >
          Ms. Clifford Hickle
        </span>
        <span
          style={
            Object {
              "paddingRight": "10px",
            }
          }
        >
          Lauretta.Feeney63@hotmail.com
        </span>
        <span
          style={
            Object {
              "paddingRight": "10px",
            }
          }
        >
          Bhutan
        </span>
      </li>
    </ul>
  </div>
  <div>
    <ul>
      <li
        style={
          Object {
            "left": "10vh",
            "position": "relative",
          }
        }
      >
        <span
          style={
            Object {
              "paddingRight": "10px",
            }
          }
        >
          Jodi Kassulke
        </span>
        <span
          style={
            Object {
              "paddingRight": "10px",
            }
          }
        >
          Richie.Metz91@hotmail.com
        </span>
        <span
          style={
            Object {
              "paddingRight": "10px",
            }
          }
        >
          Bahrain
        </span>
      </li>
    </ul>
  </div>
  <div>
    <ul>
      <li
        style={
          Object {
            "left": "10vh",
            "position": "relative",
          }
        }
      >
        <span
          style={
            Object {
              "paddingRight": "10px",
            }
          }
        >
          Christie Brakus PhD
        </span>
        <span
          style={
            Object {
              "paddingRight": "10px",
            }
          }
        >
          Dennis_Howell@gmail.com
        </span>
        <span
          style={
            Object {
              "paddingRight": "10px",
            }
          }
        >
          Saint Pierre and Miquelon
        </span>
      </li>
    </ul>
  </div>
  <div>
    <ul>
      <li
        style={
          Object {
            "left": "10vh",
            "position": "relative",
          }
        }
      >
        <span
          style={
            Object {
              "paddingRight": "10px",
            }
          }
        >
          Garry Borer
        </span>
        <span
          style={
            Object {
              "paddingRight": "10px",
            }
          }
        >
          Autumn.Fahey74@hotmail.com
        </span>
        <span
          style={
            Object {
              "paddingRight": "10px",
            }
          }
        >
          Samoa
        </span>
      </li>
    </ul>
  </div>
  <div>
    <ul>
      <li
        style={
          Object {
            "left": "10vh",
            "position": "relative",
          }
        }
      >
        <span
          style={
            Object {
              "paddingRight": "10px",
            }
          }
        >
          Carol Glover
        </span>
        <span
          style={
            Object {
              "paddingRight": "10px",
            }
          }
        >
          Zackary.Champlin10@yahoo.com
        </span>
        <span
          style={
            Object {
              "paddingRight": "10px",
            }
          }
        >
          Saint Barthelemy
        </span>
      </li>
    </ul>
  </div>
  <div>
    <ul>
      <li
        style={
          Object {
            "left": "10vh",
            "position": "relative",
          }
        }
      >
        <span
          style={
            Object {
              "paddingRight": "10px",
            }
          }
        >
          Olivia Mohr
        </span>
        <span
          style={
            Object {
              "paddingRight": "10px",
            }
          }
        >
          Jonathan_Waelchi31@yahoo.com
        </span>
        <span
          style={
            Object {
              "paddingRight": "10px",
            }
          }
        >
          Poland
        </span>
      </li>
    </ul>
  </div>
  <div>
    <ul>
      <li
        style={
          Object {
            "left": "10vh",
            "position": "relative",
          }
        }
      >
        <span
          style={
            Object {
              "paddingRight": "10px",
            }
          }
        >
          Julian Boyer
        </span>
        <span
          style={
            Object {
              "paddingRight": "10px",
            }
          }
        >
          Adrianna_McLaughlin@hotmail.com
        </span>
        <span
          style={
            Object {
              "paddingRight": "10px",
            }
          }
        >
          Mali
        </span>
      </li>
    </ul>
  </div>
  <div>
    <ul>
      <li
        style={
          Object {
            "left": "10vh",
            "position": "relative",
          }
        }
      >
        <span
          style={
            Object {
              "paddingRight": "10px",
            }
          }
        >
          Allison Dach
        </span>
        <span
          style={
            Object {
              "paddingRight": "10px",
            }
          }
        >
          Fletcher.Hackett@yahoo.com
        </span>
        <span
          style={
            Object {
              "paddingRight": "10px",
            }
          }
        >
          Saint Lucia
        </span>
      </li>
    </ul>
  </div>
  <div>
    <ul>
      <li
        style={
          Object {
            "left": "10vh",
            "position": "relative",
          }
        }
      >
        <span
          style={
            Object {
              "paddingRight": "10px",
            }
          }
        >
          Frederick Greenfelder
        </span>
        <span
          style={
            Object {
              "paddingRight": "10px",
            }
          }
        >
          Janet.Roberts70@yahoo.com
        </span>
        <span
          style={
            Object {
              "paddingRight": "10px",
            }
          }
        >
          Denmark
        </span>
      </li>
    </ul>
  </div>
  <div>
    <ul>
      <li
        style={
          Object {
            "left": "10vh",
            "position": "relative",
          }
        }
      >
        <span
          style={
            Object {
              "paddingRight": "10px",
            }
          }
        >
          Clara Collins
        </span>
        <span
          style={
            Object {
              "paddingRight": "10px",
            }
          }
        >
          Bridgette18@gmail.com
        </span>
        <span
          style={
            Object {
              "paddingRight": "10px",
            }
          }
        >
          Rwanda
        </span>
      </li>
    </ul>
  </div>
  <div>
    <ul>
      <li
        style={
          Object {
            "left": "10vh",
            "position": "relative",
          }
        }
      >
        <span
          style={
            Object {
              "paddingRight": "10px",
            }
          }
        >
          Vickie Sauer
        </span>
        <span
          style={
            Object {
              "paddingRight": "10px",
            }
          }
        >
          Philip_Kling9@yahoo.com
        </span>
        <span
          style={
            Object {
              "paddingRight": "10px",
            }
          }
        >
          Guernsey
        </span>
      </li>
    </ul>
  </div>
  <div>
    <ul>
      <li
        style={
          Object {
            "left": "10vh",
            "position": "relative",
          }
        }
      >
        <span
          style={
            Object {
              "paddingRight": "10px",
            }
          }
        >
          Ms. Jimmy Hintz
        </span>
        <span
          style={
            Object {
              "paddingRight": "10px",
            }
          }
        >
          Justus.Bahringer88@yahoo.com
        </span>
        <span
          style={
            Object {
              "paddingRight": "10px",
            }
          }
        >
          Seychelles
        </span>
      </li>
    </ul>
  </div>
  <div>
    <ul>
      <li
        style={
          Object {
            "left": "10vh",
            "position": "relative",
          }
        }
      >
        <span
          style={
            Object {
              "paddingRight": "10px",
            }
          }
        >
          Victor Sporer
        </span>
        <span
          style={
            Object {
              "paddingRight": "10px",
            }
          }
        >
          Helena_Hauck78@yahoo.com
        </span>
        <span
          style={
            Object {
              "paddingRight": "10px",
            }
          }
        >
          Burkina Faso
        </span>
      </li>
    </ul>
  </div>
  <div>
    <ul>
      <li
        style={
          Object {
            "left": "10vh",
            "position": "relative",
          }
        }
      >
        <span
          style={
            Object {
              "paddingRight": "10px",
            }
          }
        >
          Emily Connelly
        </span>
        <span
          style={
            Object {
              "paddingRight": "10px",
            }
          }
        >
          Meredith_Effertz27@gmail.com
        </span>
        <span
          style={
            Object {
              "paddingRight": "10px",
            }
          }
        >
          Mauritius
        </span>
      </li>
    </ul>
  </div>
  <div>
    <ul>
      <li
        style={
          Object {
            "left": "10vh",
            "position": "relative",
          }
        }
      >
        <span
          style={
            Object {
              "paddingRight": "10px",
            }
          }
        >
          Nina Lind
        </span>
        <span
          style={
            Object {
              "paddingRight": "10px",
            }
          }
        >
          Sylvester_Bode56@yahoo.com
        </span>
        <span
          style={
            Object {
              "paddingRight": "10px",
            }
          }
        >
          Jersey
        </span>
      </li>
    </ul>
  </div>
  <div>
    <ul>
      <li
        style={
          Object {
            "left": "10vh",
            "position": "relative",
          }
        }
      >
        <span
          style={
            Object {
              "paddingRight": "10px",
            }
          }
        >
          Alicia Champlin
        </span>
        <span
          style={
            Object {
              "paddingRight": "10px",
            }
          }
        >
          Wilma.Dicki86@yahoo.com
        </span>
        <span
          style={
            Object {
              "paddingRight": "10px",
            }
          }
        >
          Cook Islands
        </span>
      </li>
    </ul>
  </div>
  <div>
    <ul>
      <li
        style={
          Object {
            "left": "10vh",
            "position": "relative",
          }
        }
      >
        <span
          style={
            Object {
              "paddingRight": "10px",
            }
          }
        >
          Ann Marvin
        </span>
        <span
          style={
            Object {
              "paddingRight": "10px",
            }
          }
        >
          Abigayle7@gmail.com
        </span>
        <span
          style={
            Object {
              "paddingRight": "10px",
            }
          }
        >
          Russian Federation
        </span>
      </li>
    </ul>
  </div>
  <div>
    <ul>
      <li
        style={
          Object {
            "left": "10vh",
            "position": "relative",
          }
        }
      >
        <span
          style={
            Object {
              "paddingRight": "10px",
            }
          }
        >
          Ross Schaden
        </span>
        <span
          style={
            Object {
              "paddingRight": "10px",
            }
          }
        >
          Otho42@hotmail.com
        </span>
        <span
          style={
            Object {
              "paddingRight": "10px",
            }
          }
        >
          Congo
        </span>
      </li>
    </ul>
  </div>
  <div>
    <ul>
      <li
        style={
          Object {
            "left": "10vh",
            "position": "relative",
          }
        }
      >
        <span
          style={
            Object {
              "paddingRight": "10px",
            }
          }
        >
          Travis Kutch
        </span>
        <span
          style={
            Object {
              "paddingRight": "10px",
            }
          }
        >
          Peggie.Jacobs@yahoo.com
        </span>
        <span
          style={
            Object {
              "paddingRight": "10px",
            }
          }
        >
          Central African Republic
        </span>
      </li>
    </ul>
  </div>
  <div>
    <ul>
      <li
        style={
          Object {
            "left": "10vh",
            "position": "relative",
          }
        }
      >
        <span
          style={
            Object {
              "paddingRight": "10px",
            }
          }
        >
          Frances Collins
        </span>
        <span
          style={
            Object {
              "paddingRight": "10px",
            }
          }
        >
          Antone66@gmail.com
        </span>
        <span
          style={
            Object {
              "paddingRight": "10px",
            }
          }
        >
          Libyan Arab Jamahiriya
        </span>
      </li>
    </ul>
  </div>
  <div>
    <ul>
      <li
        style={
          Object {
            "left": "10vh",
            "position": "relative",
          }
        }
      >
        <span
          style={
            Object {
              "paddingRight": "10px",
            }
          }
        >
          Joy Ritchie
        </span>
        <span
          style={
            Object {
              "paddingRight": "10px",
            }
          }
        >
          Ernestina_Funk56@yahoo.com
        </span>
        <span
          style={
            Object {
              "paddingRight": "10px",
            }
          }
        >
          Australia
        </span>
      </li>
    </ul>
  </div>
  <div>
    <ul>
      <li
        style={
          Object {
            "left": "10vh",
            "position": "relative",
          }
        }
      >
        <span
          style={
            Object {
              "paddingRight": "10px",
            }
          }
        >
          Marian Rogahn
        </span>
        <span
          style={
            Object {
              "paddingRight": "10px",
            }
          }
        >
          Santina72@gmail.com
        </span>
        <span
          style={
            Object {
              "paddingRight": "10px",
            }
          }
        >
          Saint Barthelemy
        </span>
      </li>
    </ul>
  </div>
  <div>
    <ul>
      <li
        style={
          Object {
            "left": "10vh",
            "position": "relative",
          }
        }
      >
        <span
          style={
            Object {
              "paddingRight": "10px",
            }
          }
        >
          Marsha Vandervort
        </span>
        <span
          style={
            Object {
              "paddingRight": "10px",
            }
          }
        >
          Geo_Cassin@gmail.com
        </span>
        <span
          style={
            Object {
              "paddingRight": "10px",
            }
          }
        >
          Israel
        </span>
      </li>
    </ul>
  </div>
  <div>
    <ul>
      <li
        style={
          Object {
            "left": "10vh",
            "position": "relative",
          }
        }
      >
        <span
          style={
            Object {
              "paddingRight": "10px",
            }
          }
        >
          Beth Bartoletti
        </span>
        <span
          style={
            Object {
              "paddingRight": "10px",
            }
          }
        >
          Garfield.Blick13@hotmail.com
        </span>
        <span
          style={
            Object {
              "paddingRight": "10px",
            }
          }
        >
          Brunei Darussalam
        </span>
      </li>
    </ul>
  </div>
  <div>
    <ul>
      <li
        style={
          Object {
            "left": "10vh",
            "position": "relative",
          }
        }
      >
        <span
          style={
            Object {
              "paddingRight": "10px",
            }
          }
        >
          Theresa Armstrong
        </span>
        <span
          style={
            Object {
              "paddingRight": "10px",
            }
          }
        >
          Johan.Mueller88@yahoo.com
        </span>
        <span
          style={
            Object {
              "paddingRight": "10px",
            }
          }
        >
          Oman
        </span>
      </li>
    </ul>
  </div>
  <div>
    <ul>
      <li
        style={
          Object {
            "left": "10vh",
            "position": "relative",
          }
        }
      >
        <span
          style={
            Object {
              "paddingRight": "10px",
            }
          }
        >
          Jessica Huels
        </span>
        <span
          style={
            Object {
              "paddingRight": "10px",
            }
          }
        >
          Jules60@hotmail.com
        </span>
        <span
          style={
            Object {
              "paddingRight": "10px",
            }
          }
        >
          Tanzania
        </span>
      </li>
    </ul>
  </div>
  <div>
    <ul>
      <li
        style={
          Object {
            "left": "10vh",
            "position": "relative",
          }
        }
      >
        <span
          style={
            Object {
              "paddingRight": "10px",
            }
          }
        >
          Wilson Strosin
        </span>
        <span
          style={
            Object {
              "paddingRight": "10px",
            }
          }
        >
          Waldo87@gmail.com
        </span>
        <span
          style={
            Object {
              "paddingRight": "10px",
            }
          }
        >
          Svalbard & Jan Mayen Islands
        </span>
      </li>
    </ul>
  </div>
  <div>
    <ul>
      <li
        style={
          Object {
            "left": "10vh",
            "position": "relative",
          }
        }
      >
        <span
          style={
            Object {
              "paddingRight": "10px",
            }
          }
        >
          Beatrice Stehr
        </span>
        <span
          style={
            Object {
              "paddingRight": "10px",
            }
          }
        >
          Ona_OKon@yahoo.com
        </span>
        <span
          style={
            Object {
              "paddingRight": "10px",
            }
          }
        >
          Virgin Islands, U.S.
        </span>
      </li>
    </ul>
  </div>
  <div>
    <ul>
      <li
        style={
          Object {
            "left": "10vh",
            "position": "relative",
          }
        }
      >
        <span
          style={
            Object {
              "paddingRight": "10px",
            }
          }
        >
          Shannon Willms
        </span>
        <span
          style={
            Object {
              "paddingRight": "10px",
            }
          }
        >
          Brown9@gmail.com
        </span>
        <span
          style={
            Object {
              "paddingRight": "10px",
            }
          }
        >
          Eritrea
        </span>
      </li>
    </ul>
  </div>
  <div>
    <ul>
      <li
        style={
          Object {
            "left": "10vh",
            "position": "relative",
          }
        }
      >
        <span
          style={
            Object {
              "paddingRight": "10px",
            }
          }
        >
          Bessie Schneider
        </span>
        <span
          style={
            Object {
              "paddingRight": "10px",
            }
          }
        >
          Carlos_Lind71@yahoo.com
        </span>
        <span
          style={
            Object {
              "paddingRight": "10px",
            }
          }
        >
          Greece
        </span>
      </li>
    </ul>
  </div>
  <div>
    <ul>
      <li
        style={
          Object {
            "left": "10vh",
            "position": "relative",
          }
        }
      >
        <span
          style={
            Object {
              "paddingRight": "10px",
            }
          }
        >
          Myra Runte
        </span>
        <span
          style={
            Object {
              "paddingRight": "10px",
            }
          }
        >
          Rosendo81@yahoo.com
        </span>
        <span
          style={
            Object {
              "paddingRight": "10px",
            }
          }
        >
          Cayman Islands
        </span>
      </li>
    </ul>
  </div>
  <div>
    <ul>
      <li
        style={
          Object {
            "left": "10vh",
            "position": "relative",
          }
        }
      >
        <span
          style={
            Object {
              "paddingRight": "10px",
            }
          }
        >
          Marcus Torphy
        </span>
        <span
          style={
            Object {
              "paddingRight": "10px",
            }
          }
        >
          Cristopher50@hotmail.com
        </span>
        <span
          style={
            Object {
              "paddingRight": "10px",
            }
          }
        >
          Peru
        </span>
      </li>
    </ul>
  </div>
  <div>
    <ul>
      <li
        style={
          Object {
            "left": "10vh",
            "position": "relative",
          }
        }
      >
        <span
          style={
            Object {
              "paddingRight": "10px",
            }
          }
        >
          Natasha Kris
        </span>
        <span
          style={
            Object {
              "paddingRight": "10px",
            }
          }
        >
          Berta.Reilly18@gmail.com
        </span>
        <span
          style={
            Object {
              "paddingRight": "10px",
            }
          }
        >
          Cyprus
        </span>
      </li>
    </ul>
  </div>
  <div>
    <ul>
      <li
        style={
          Object {
            "left": "10vh",
            "position": "relative",
          }
        }
      >
        <span
          style={
            Object {
              "paddingRight": "10px",
            }
          }
        >
          Manuel Prosacco
        </span>
        <span
          style={
            Object {
              "paddingRight": "10px",
            }
          }
        >
          Jacynthe_Stracke@yahoo.com
        </span>
        <span
          style={
            Object {
              "paddingRight": "10px",
            }
          }
        >
          Antigua and Barbuda
        </span>
      </li>
    </ul>
  </div>
  <div>
    <ul>
      <li
        style={
          Object {
            "left": "10vh",
            "position": "relative",
          }
        }
      >
        <span
          style={
            Object {
              "paddingRight": "10px",
            }
          }
        >
          Denise Weber
        </span>
        <span
          style={
            Object {
              "paddingRight": "10px",
            }
          }
        >
          Janis.Gibson@gmail.com
        </span>
        <span
          style={
            Object {
              "paddingRight": "10px",
            }
          }
        >
          Azerbaijan
        </span>
      </li>
    </ul>
  </div>
  <div>
    <ul>
      <li
        style={
          Object {
            "left": "10vh",
            "position": "relative",
          }
        }
      >
        <span
          style={
            Object {
              "paddingRight": "10px",
            }
          }
        >
          Nellie Heaney
        </span>
        <span
          style={
            Object {
              "paddingRight": "10px",
            }
          }
        >
          Kelly.Metz67@hotmail.com
        </span>
        <span
          style={
            Object {
              "paddingRight": "10px",
            }
          }
        >
          Aruba
        </span>
      </li>
    </ul>
  </div>
  <div>
    <ul>
      <li
        style={
          Object {
            "left": "10vh",
            "position": "relative",
          }
        }
      >
        <span
          style={
            Object {
              "paddingRight": "10px",
            }
          }
        >
          Tonya Zieme
        </span>
        <span
          style={
            Object {
              "paddingRight": "10px",
            }
          }
        >
          Hailey.Beier@gmail.com
        </span>
        <span
          style={
            Object {
              "paddingRight": "10px",
            }
          }
        >
          Saint Kitts and Nevis
        </span>
      </li>
    </ul>
  </div>
  <div>
    <ul>
      <li
        style={
          Object {
            "left": "10vh",
            "position": "relative",
          }
        }
      >
        <span
          style={
            Object {
              "paddingRight": "10px",
            }
          }
        >
          Dolores Russel
        </span>
        <span
          style={
            Object {
              "paddingRight": "10px",
            }
          }
        >
          Ryley.Volkman@gmail.com
        </span>
        <span
          style={
            Object {
              "paddingRight": "10px",
            }
          }
        >
          Mauritius
        </span>
      </li>
    </ul>
  </div>
</div>
`;
